// Jest Snapshot v1, https://goo.gl/fbAQLP

exports[`FeedbackButton matches the snapshot with custom styles 1`] = `
<View
  accessibilityLabel=""
  accessibilityState={
    {
      "busy": undefined,
      "checked": undefined,
      "disabled": undefined,
      "expanded": undefined,
      "selected": undefined,
    }
  }
  accessibilityValue={
    {
      "max": undefined,
      "min": undefined,
      "now": undefined,
      "text": undefined,
    }
  }
  accessible={true}
  collapsable={false}
  focusable={true}
  onClick={[Function]}
  onResponderGrant={[Function]}
  onResponderMove={[Function]}
  onResponderRelease={[Function]}
  onResponderTerminate={[Function]}
  onResponderTerminationRequest={[Function]}
  onStartShouldSetResponder={[Function]}
  style={
    {
      "alignItems": "center",
      "backgroundColor": "#ffffff",
      "borderColor": "rgba(41, 35, 47, 0.13)",
      "borderRadius": 40,
      "borderWidth": 1,
      "bottom": 30,
      "elevation": 5,
      "flexDirection": "row",
      "justifyContent": "center",
      "opacity": 1,
      "padding": 15,
      "position": "absolute",
      "right": 30,
      "shadowColor": "rgba(41, 35, 47, 0.13)",
      "shadowOffset": {
        "height": 2,
        "width": 1,
      },
      "shadowOpacity": 0.5,
      "shadowRadius": 3,
    }
  }
>
  <Image
    source={
      {
        "uri": "data:image/png;base64,iVBORw0KGgoAAAANSUhEUgAAAQAAAAEACAMAAABrrFhUAAAAk1BMVEUAAAAqIDEqIjMmIDArIjIrIjMoHjErITMrIjMqITIqITIqITIqIjIqITIqITIhHi4qITIqITIeAConHi8rITMqITIqITIcHCopITIpIDEpIDIlGC8qITIqITIpIDIpHjAqITIqIDIqIDEqIDAqITInHjAqIDIqIDEqITIqITIqIDIiFCgpIDEqITIoHS8qIDIrIjMN1S0HAAAAMHRSTlMAhnknzMQy1zyF6/H55PYQ0rIGGPudjAmUTEQUv7p2K6lmWDZxHV9S36J+DD7bI208pRBPAAAGrUlEQVR42uzd6XLaMBSG4Y/YhuAVbAwx+xp2eu7/6tq0nfaHIAizSNbR+5vJJM8EG45lGfrm7EZRSNL5bvcAg1oM6fZaBQxp/0HlylOY0PuRyjbco/L1unRHbVS9RYPuaoxKlzY7dF9xhgpXb9Hd1VDddiHdX4SqNnHpIU1QzcYhPaY5qpjj0aNaooL9iOlhvaFynYZEnAFmAXEGWI2IOAN8BsQZIGsTcQaY+0SMAQZT+hVfgLVPX3EFSLb0J6YARUR/YwmQ5PQvjgD9DcmWJ7hUraoANwy9owIwDuCGofc2gXEANwy9/TVgHMANQ+/pAMYBpLUOSebPAeMAbhh6tzOYByA/9A4+AeMAbhh6j1YwD0B+6B3MAOMAbhh6D09QAdCvtT33ecUkWfwDeD1Ab+yTHnknKABYHEmPwjGgAKAISY/cCVQAvGvy94c7QAVAEpEWtepQA/BBOtRppngYwDaDfAMt3gCNBVAeQKzxUciC/iAN6vZwJ4BYsC0gU5uUd3wHHgAgFu0yXE39IfCjhwcBiHWmE1yJFLfpA+UBJJpOtAbI93gwgFieaQsQFcDzAShYagqwTfAUADF3oiGAvwZeBUDxUjuA6QBPBBAbDbQC8OfAawFoU9cIoJ3h5QAUz3UBCD4BBQBESz0ARisoAqCmBgDBDFAGQB/KAaYrqASgrlKAVtcB1ALQThJgXX94px4A5QD0KQfgQP/KAYQH5gDkZ8wByOMOQE3DAfJZHtF3dd7NBngDsKh9Z9BIjQf41dyjizU5AACHFl0odFgAADOfztdmAoBsROfrMwEAxh06l8cGAEVM5+qzAcDCpzMN+QBgEtCZ6nwAcAhJbMsIAHMSixNGAPggsRkngF6DhDxOAKiHJJRxAjj3JvjBCmAgngvbrACwE88DKSuARPxIfGAFgFx8JS+AungQ4AUAYUAUMQMQ79pNeAH0hZe+8wJIY+FKKS8AuMLFcmYAubBihBnAUliwwgxgLQwGmQEIpwGXGcBCWLXEDGAiXCZmBlDn/h9w4H4MKIS5KDOAmfB9mBmA8HUwZwYgLBaoMQOIhItDvAAccZEAL4Cl8NIVLwDhEBDwmgmKeyV4vADG4v0jvACO4m0hrAAKEspYAYjrZl1WV4c/SajGCWAfkdCCE0BOQhtOa4TWJNZlBLDySczhA5A0SMzjs1I0HdKZ5mwAem06U8RmtXji0bmWXACcBp3L7zEBuPQcpyWPW2ayKZ1vk3IASMcBXWjN4La5/exIlxqZf+fopBvQxeKT2QD7fvdI3zU2++7xgK40NHz/gGsFK+YABfMtNJrMd5GZQgpgE4RR47F50/FEPYDXU7qXmFsoBmglKAGg316KZQEaGcoBaLWZanmAVqZ8O72vtokiAC/RYEPFr6K+EoB2T48tNb/66L0eoKnRrrJEjcWLAYK1VvsKE3V2LwVwHd12lhZ+pzIA8toa7i1OFC9fBODW9dxdnmi4egGAP8M3dahMemwyLQUQ1BJ8l/KnrLUHzwQIatd+vEeq84unARyXCa7VJPXl+2cAxNM+JJqQBm0Ojwbwp+se5BqRDnXTBwK0xnXIV++QDrXqT7k2WJmnjRGFb88CqMgD94i8kyIAjEmP4pkiALy3SI9GmRoAoL/dkA75czUAXyUnx3HpfHPnWjmdz/nTW0iSTRMFAFc/GL+X/mVuf/J+1DcSAGn3hoGhiQDAYSM/MDQSAPv8hqfwmggArH35JwQaCYBBW35gaCQA8BnIDwyNBMBqKD8wNBIAWMbyA0MjATBx5QeGRgIgbXbkB4YmAgCLI91flQHQ+z+H4QkA9CP6E1cAJFP6HVsAYO7TrxgD/HkMEGcAYBYzB8DJYw4AvIXMAVBvMQdA2mUOABw2zAHEgWH5xpUEAAqfHtO8ogDCwLBsk6oCCAPDckWoLoAwMCxTt8oAwsDw9uJVtQHguPeeBCsOIAwMb2uEygMAiwaVbZiYAFB+YJinMAIAWAzp9loFYAoA4OxGUUjS+W73AJgEUCILYAEsgAWwABbAAlgAC2ABLIAFsAAWwAJYAAtgASyABbAAFsACWAALYAEsgAWwABbAAlgAC2ABLIAFsAAWwAKUANg2r+WZDSCRBbAAFsAC/GyfXlIYhIIgitYgGHhoiMmDSPyAgqKz2v/qxIkL0JoU9NlB3+6OABEgAkSACBABnAP0FMvwslGsgpeBYjW8FBQbYeZNqbKFmYlSDex0FEp2BwB8V8rkPwwViSJ5gaX5QYlkuf/DZ0i8rWwM///0m7bni5flqh5dxt8BPG/wrQSMUX8AAAAASUVORK5CYII=",
      }
    }
    style={
      {
        "height": 24,
        "marginEnd": 6,
        "padding": 2,
        "tintColor": "rgba(54, 45, 89, 1)",
        "width": 24,
      }
    }
  />
  <Text
    style={
      {
        "color": "#ff0000",
        "fontSize": 18,
      }
    }
    testID="sentry-feedback-button"
  >
    Report a Bug
  </Text>
</View>
`;

exports[`FeedbackButton matches the snapshot with custom texts 1`] = `
<View
  accessibilityLabel=""
  accessibilityState={
    {
      "busy": undefined,
      "checked": undefined,
      "disabled": undefined,
      "expanded": undefined,
      "selected": undefined,
    }
  }
  accessibilityValue={
    {
      "max": undefined,
      "min": undefined,
      "now": undefined,
      "text": undefined,
    }
  }
  accessible={true}
  collapsable={false}
  focusable={true}
  onClick={[Function]}
  onResponderGrant={[Function]}
  onResponderMove={[Function]}
  onResponderRelease={[Function]}
  onResponderTerminate={[Function]}
  onResponderTerminationRequest={[Function]}
  onStartShouldSetResponder={[Function]}
  style={
    {
      "alignItems": "center",
      "backgroundColor": "#ffffff",
      "borderColor": "rgba(41, 35, 47, 0.13)",
      "borderRadius": 40,
      "borderWidth": 1,
      "bottom": 30,
      "elevation": 5,
      "flexDirection": "row",
      "justifyContent": "center",
      "opacity": 1,
      "padding": 15,
      "position": "absolute",
      "right": 30,
      "shadowColor": "rgba(41, 35, 47, 0.13)",
      "shadowOffset": {
        "height": 2,
        "width": 1,
      },
      "shadowOpacity": 0.5,
      "shadowRadius": 3,
    }
  }
>
  <Image
    source={
      {
        "uri": "data:image/png;base64,iVBORw0KGgoAAAANSUhEUgAAAQAAAAEACAMAAABrrFhUAAAAk1BMVEUAAAAqIDEqIjMmIDArIjIrIjMoHjErITMrIjMqITIqITIqITIqIjIqITIqITIhHi4qITIqITIeAConHi8rITMqITIqITIcHCopITIpIDEpIDIlGC8qITIqITIpIDIpHjAqITIqIDIqIDEqIDAqITInHjAqIDIqIDEqITIqITIqIDIiFCgpIDEqITIoHS8qIDIrIjMN1S0HAAAAMHRSTlMAhnknzMQy1zyF6/H55PYQ0rIGGPudjAmUTEQUv7p2K6lmWDZxHV9S36J+DD7bI208pRBPAAAGrUlEQVR42uzd6XLaMBSG4Y/YhuAVbAwx+xp2eu7/6tq0nfaHIAizSNbR+5vJJM8EG45lGfrm7EZRSNL5bvcAg1oM6fZaBQxp/0HlylOY0PuRyjbco/L1unRHbVS9RYPuaoxKlzY7dF9xhgpXb9Hd1VDddiHdX4SqNnHpIU1QzcYhPaY5qpjj0aNaooL9iOlhvaFynYZEnAFmAXEGWI2IOAN8BsQZIGsTcQaY+0SMAQZT+hVfgLVPX3EFSLb0J6YARUR/YwmQ5PQvjgD9DcmWJ7hUraoANwy9owIwDuCGofc2gXEANwy9/TVgHMANQ+/pAMYBpLUOSebPAeMAbhh6tzOYByA/9A4+AeMAbhh6j1YwD0B+6B3MAOMAbhh6D09QAdCvtT33ecUkWfwDeD1Ab+yTHnknKABYHEmPwjGgAKAISY/cCVQAvGvy94c7QAVAEpEWtepQA/BBOtRppngYwDaDfAMt3gCNBVAeQKzxUciC/iAN6vZwJ4BYsC0gU5uUd3wHHgAgFu0yXE39IfCjhwcBiHWmE1yJFLfpA+UBJJpOtAbI93gwgFieaQsQFcDzAShYagqwTfAUADF3oiGAvwZeBUDxUjuA6QBPBBAbDbQC8OfAawFoU9cIoJ3h5QAUz3UBCD4BBQBESz0ARisoAqCmBgDBDFAGQB/KAaYrqASgrlKAVtcB1ALQThJgXX94px4A5QD0KQfgQP/KAYQH5gDkZ8wByOMOQE3DAfJZHtF3dd7NBngDsKh9Z9BIjQf41dyjizU5AACHFl0odFgAADOfztdmAoBsROfrMwEAxh06l8cGAEVM5+qzAcDCpzMN+QBgEtCZ6nwAcAhJbMsIAHMSixNGAPggsRkngF6DhDxOAKiHJJRxAjj3JvjBCmAgngvbrACwE88DKSuARPxIfGAFgFx8JS+AungQ4AUAYUAUMQMQ79pNeAH0hZe+8wJIY+FKKS8AuMLFcmYAubBihBnAUliwwgxgLQwGmQEIpwGXGcBCWLXEDGAiXCZmBlDn/h9w4H4MKIS5KDOAmfB9mBmA8HUwZwYgLBaoMQOIhItDvAAccZEAL4Cl8NIVLwDhEBDwmgmKeyV4vADG4v0jvACO4m0hrAAKEspYAYjrZl1WV4c/SajGCWAfkdCCE0BOQhtOa4TWJNZlBLDySczhA5A0SMzjs1I0HdKZ5mwAem06U8RmtXji0bmWXACcBp3L7zEBuPQcpyWPW2ayKZ1vk3IASMcBXWjN4La5/exIlxqZf+fopBvQxeKT2QD7fvdI3zU2++7xgK40NHz/gGsFK+YABfMtNJrMd5GZQgpgE4RR47F50/FEPYDXU7qXmFsoBmglKAGg316KZQEaGcoBaLWZanmAVqZ8O72vtokiAC/RYEPFr6K+EoB2T48tNb/66L0eoKnRrrJEjcWLAYK1VvsKE3V2LwVwHd12lhZ+pzIA8toa7i1OFC9fBODW9dxdnmi4egGAP8M3dahMemwyLQUQ1BJ8l/KnrLUHzwQIatd+vEeq84unARyXCa7VJPXl+2cAxNM+JJqQBm0Ojwbwp+se5BqRDnXTBwK0xnXIV++QDrXqT7k2WJmnjRGFb88CqMgD94i8kyIAjEmP4pkiALy3SI9GmRoAoL/dkA75czUAXyUnx3HpfHPnWjmdz/nTW0iSTRMFAFc/GL+X/mVuf/J+1DcSAGn3hoGhiQDAYSM/MDQSAPv8hqfwmggArH35JwQaCYBBW35gaCQA8BnIDwyNBMBqKD8wNBIAWMbyA0MjATBx5QeGRgIgbXbkB4YmAgCLI91flQHQ+z+H4QkA9CP6E1cAJFP6HVsAYO7TrxgD/HkMEGcAYBYzB8DJYw4AvIXMAVBvMQdA2mUOABw2zAHEgWH5xpUEAAqfHtO8ogDCwLBsk6oCCAPDckWoLoAwMCxTt8oAwsDw9uJVtQHguPeeBCsOIAwMb2uEygMAiwaVbZiYAFB+YJinMAIAWAzp9loFYAoA4OxGUUjS+W73AJgEUCILYAEsgAWwABbAAlgAC2ABLIAFsAAWwAJYAAtgASyABbAAFsACWAALYAEsgAWwABbAAlgAC2ABLIAFsAAWwAKUANg2r+WZDSCRBbAAFsAC/GyfXlIYhIIgitYgGHhoiMmDSPyAgqKz2v/qxIkL0JoU9NlB3+6OABEgAkSACBABnAP0FMvwslGsgpeBYjW8FBQbYeZNqbKFmYlSDex0FEp2BwB8V8rkPwwViSJ5gaX5QYlkuf/DZ0i8rWwM///0m7bni5flqh5dxt8BPG/wrQSMUX8AAAAASUVORK5CYII=",
      }
    }
    style={
      {
        "height": 24,
        "marginEnd": 6,
        "padding": 2,
        "tintColor": "rgba(54, 45, 89, 1)",
        "width": 24,
      }
    }
  />
  <Text
    style={
      {
        "color": "#2b2233",
        "fontSize": 18,
      }
    }
    testID="sentry-feedback-button"
  >
    Give Feedback
  </Text>
</View>
`;

exports[`FeedbackButton matches the snapshot with default configuration 1`] = `
<View
  accessibilityLabel=""
  accessibilityState={
    {
      "busy": undefined,
      "checked": undefined,
      "disabled": undefined,
      "expanded": undefined,
      "selected": undefined,
    }
  }
  accessibilityValue={
    {
      "max": undefined,
      "min": undefined,
      "now": undefined,
      "text": undefined,
    }
  }
  accessible={true}
  collapsable={false}
  focusable={true}
  onClick={[Function]}
  onResponderGrant={[Function]}
  onResponderMove={[Function]}
  onResponderRelease={[Function]}
  onResponderTerminate={[Function]}
  onResponderTerminationRequest={[Function]}
  onStartShouldSetResponder={[Function]}
  style={
    {
      "alignItems": "center",
      "backgroundColor": "#ffffff",
      "borderColor": "rgba(41, 35, 47, 0.13)",
      "borderRadius": 40,
      "borderWidth": 1,
      "bottom": 30,
      "elevation": 5,
      "flexDirection": "row",
      "justifyContent": "center",
      "opacity": 1,
      "padding": 15,
      "position": "absolute",
      "right": 30,
      "shadowColor": "rgba(41, 35, 47, 0.13)",
      "shadowOffset": {
        "height": 2,
        "width": 1,
      },
      "shadowOpacity": 0.5,
      "shadowRadius": 3,
    }
  }
>
  <Image
    source={
      {
        "uri": "data:image/png;base64,iVBORw0KGgoAAAANSUhEUgAAAQAAAAEACAMAAABrrFhUAAAAk1BMVEUAAAAqIDEqIjMmIDArIjIrIjMoHjErITMrIjMqITIqITIqITIqIjIqITIqITIhHi4qITIqITIeAConHi8rITMqITIqITIcHCopITIpIDEpIDIlGC8qITIqITIpIDIpHjAqITIqIDIqIDEqIDAqITInHjAqIDIqIDEqITIqITIqIDIiFCgpIDEqITIoHS8qIDIrIjMN1S0HAAAAMHRSTlMAhnknzMQy1zyF6/H55PYQ0rIGGPudjAmUTEQUv7p2K6lmWDZxHV9S36J+DD7bI208pRBPAAAGrUlEQVR42uzd6XLaMBSG4Y/YhuAVbAwx+xp2eu7/6tq0nfaHIAizSNbR+5vJJM8EG45lGfrm7EZRSNL5bvcAg1oM6fZaBQxp/0HlylOY0PuRyjbco/L1unRHbVS9RYPuaoxKlzY7dF9xhgpXb9Hd1VDddiHdX4SqNnHpIU1QzcYhPaY5qpjj0aNaooL9iOlhvaFynYZEnAFmAXEGWI2IOAN8BsQZIGsTcQaY+0SMAQZT+hVfgLVPX3EFSLb0J6YARUR/YwmQ5PQvjgD9DcmWJ7hUraoANwy9owIwDuCGofc2gXEANwy9/TVgHMANQ+/pAMYBpLUOSebPAeMAbhh6tzOYByA/9A4+AeMAbhh6j1YwD0B+6B3MAOMAbhh6D09QAdCvtT33ecUkWfwDeD1Ab+yTHnknKABYHEmPwjGgAKAISY/cCVQAvGvy94c7QAVAEpEWtepQA/BBOtRppngYwDaDfAMt3gCNBVAeQKzxUciC/iAN6vZwJ4BYsC0gU5uUd3wHHgAgFu0yXE39IfCjhwcBiHWmE1yJFLfpA+UBJJpOtAbI93gwgFieaQsQFcDzAShYagqwTfAUADF3oiGAvwZeBUDxUjuA6QBPBBAbDbQC8OfAawFoU9cIoJ3h5QAUz3UBCD4BBQBESz0ARisoAqCmBgDBDFAGQB/KAaYrqASgrlKAVtcB1ALQThJgXX94px4A5QD0KQfgQP/KAYQH5gDkZ8wByOMOQE3DAfJZHtF3dd7NBngDsKh9Z9BIjQf41dyjizU5AACHFl0odFgAADOfztdmAoBsROfrMwEAxh06l8cGAEVM5+qzAcDCpzMN+QBgEtCZ6nwAcAhJbMsIAHMSixNGAPggsRkngF6DhDxOAKiHJJRxAjj3JvjBCmAgngvbrACwE88DKSuARPxIfGAFgFx8JS+AungQ4AUAYUAUMQMQ79pNeAH0hZe+8wJIY+FKKS8AuMLFcmYAubBihBnAUliwwgxgLQwGmQEIpwGXGcBCWLXEDGAiXCZmBlDn/h9w4H4MKIS5KDOAmfB9mBmA8HUwZwYgLBaoMQOIhItDvAAccZEAL4Cl8NIVLwDhEBDwmgmKeyV4vADG4v0jvACO4m0hrAAKEspYAYjrZl1WV4c/SajGCWAfkdCCE0BOQhtOa4TWJNZlBLDySczhA5A0SMzjs1I0HdKZ5mwAem06U8RmtXji0bmWXACcBp3L7zEBuPQcpyWPW2ayKZ1vk3IASMcBXWjN4La5/exIlxqZf+fopBvQxeKT2QD7fvdI3zU2++7xgK40NHz/gGsFK+YABfMtNJrMd5GZQgpgE4RR47F50/FEPYDXU7qXmFsoBmglKAGg316KZQEaGcoBaLWZanmAVqZ8O72vtokiAC/RYEPFr6K+EoB2T48tNb/66L0eoKnRrrJEjcWLAYK1VvsKE3V2LwVwHd12lhZ+pzIA8toa7i1OFC9fBODW9dxdnmi4egGAP8M3dahMemwyLQUQ1BJ8l/KnrLUHzwQIatd+vEeq84unARyXCa7VJPXl+2cAxNM+JJqQBm0Ojwbwp+se5BqRDnXTBwK0xnXIV++QDrXqT7k2WJmnjRGFb88CqMgD94i8kyIAjEmP4pkiALy3SI9GmRoAoL/dkA75czUAXyUnx3HpfHPnWjmdz/nTW0iSTRMFAFc/GL+X/mVuf/J+1DcSAGn3hoGhiQDAYSM/MDQSAPv8hqfwmggArH35JwQaCYBBW35gaCQA8BnIDwyNBMBqKD8wNBIAWMbyA0MjATBx5QeGRgIgbXbkB4YmAgCLI91flQHQ+z+H4QkA9CP6E1cAJFP6HVsAYO7TrxgD/HkMEGcAYBYzB8DJYw4AvIXMAVBvMQdA2mUOABw2zAHEgWH5xpUEAAqfHtO8ogDCwLBsk6oCCAPDckWoLoAwMCxTt8oAwsDw9uJVtQHguPeeBCsOIAwMb2uEygMAiwaVbZiYAFB+YJinMAIAWAzp9loFYAoA4OxGUUjS+W73AJgEUCILYAEsgAWwABbAAlgAC2ABLIAFsAAWwAJYAAtgASyABbAAFsACWAALYAEsgAWwABbAAlgAC2ABLIAFsAAWwAKUANg2r+WZDSCRBbAAFsAC/GyfXlIYhIIgitYgGHhoiMmDSPyAgqKz2v/qxIkL0JoU9NlB3+6OABEgAkSACBABnAP0FMvwslGsgpeBYjW8FBQbYeZNqbKFmYlSDex0FEp2BwB8V8rkPwwViSJ5gaX5QYlkuf/DZ0i8rWwM///0m7bni5flqh5dxt8BPG/wrQSMUX8AAAAASUVORK5CYII=",
      }
    }
    style={
      {
        "height": 24,
        "marginEnd": 6,
        "padding": 2,
        "tintColor": "rgba(54, 45, 89, 1)",
        "width": 24,
      }
    }
  />
  <Text
    style={
      {
        "color": "#2b2233",
        "fontSize": 18,
      }
    }
    testID="sentry-feedback-button"
  >
    Report a Bug
  </Text>
</View>
`;
